[asimshakoordev.vercel.app/index.html]
[backblue.gif]
[fade.gif]
[index.html]
[res.cloudinary.com/do3bw9naj/image/upload/v1738770167/v41ts9jshyqwgh9zhy9g.png]
[asimshakoordev.vercel.app/CSS/style.css]
[cdnjs.cloudflare.com/ajax/libs/font-awesome/6.2.0/css/all.min.css]
[unpkg.com/aos@2.3.1/dist/aos.css]
[asimshakoordev.vercel.app/Favicon/apple-touch-icon.png]
[asimshakoordev.vercel.app/Favicon/favicon-32x32.png]
[asimshakoordev.vercel.app/Favicon/favicon-16x16.png]
[asimshakoordev.vercel.app/Favicon/site.webmanifest]
[asimshakoordev.vercel.app/Download CV/Resume.pdf]
[asimshakoordev.vercel.app/Images/asim1-Photoroom.webp]
[asimshakoordev.vercel.app/Images/Portfolio/cocktail.webp]
[asimshakoordev.vercel.app/Images/Portfolio/andalem.webp]
[asimshakoordev.vercel.app/Images/Portfolio/afribbean.webp]
[asimshakoordev.vercel.app/Images/Portfolio/shaheen-school-mang.webp]
[asimshakoordev.vercel.app/Images/Portfolio/pioneer-nest.webp]
[asimshakoordev.vercel.app/Images/Portfolio/mk-car-stock.webp]
[asimshakoordev.vercel.app/Images/Portfolio/kitchen-mate.webp]
[asimshakoordev.vercel.app/Images/Portfolio/interdyne-main.webp]
[asimshakoordev.vercel.app/Images/Portfolio/crm.webp]
[asimshakoordev.vercel.app/Images/Portfolio/grabandgo.webp]
[asimshakoordev.vercel.app/Images/Portfolio/dabraida.webp]
[asimshakoordev.vercel.app/Images/Portfolio/pizza.webp]
[asimshakoordev.vercel.app/Images/Portfolio/hendersonreality.webp]
[asimshakoordev.vercel.app/Images/Portfolio/buyer dashboard.webp]
[asimshakoordev.vercel.app/Images/Portfolio/AdminDashboard.webp]
[asimshakoordev.vercel.app/Images/Portfolio/buy-properties.webp]
[asimshakoordev.vercel.app/Images/Portfolio/developments.pt.webp]
[asimshakoordev.vercel.app/Images/Portfolio/mustcon.webp]
[asimshakoordev.vercel.app/Images/Portfolio/fypms.webp]
[asimshakoordev.vercel.app/Images/Portfolio/goofood.webp]
[asimshakoordev.vercel.app/Images/Portfolio/foodcorner.webp]
[asimshakoordev.vercel.app/Images/Portfolio/sparkle.webp]
[asimshakoordev.vercel.app/Images/Portfolio/dashboarddd.webp]
[asimshakoordev.vercel.app/Images/Portfolio/cardsssss.webp]
[asimshakoordev.vercel.app/Images/Portfolio/tasks.webp]
[asimshakoordev.vercel.app/Images/Portfolio/chatapp.webp]
[asimshakoordev.vercel.app/Images/Portfolio/social.webp]
[asimshakoordev.vercel.app/Images/Portfolio/entertainment.webp]
[asimshakoordev.vercel.app/Images/Portfolio/image14.webp]
[asimshakoordev.vercel.app/Images/Portfolio/PhotoFolio.webp]
[asimshakoordev.vercel.app/Images/janascript projects/todoapp.webp]
[asimshakoordev.vercel.app/Images/janascript projects/Expensetracker.webp]
[asimshakoordev.vercel.app/Images/janascript projects/tictactoe.webp]
[asimshakoordev.vercel.app/Images/janascript projects/analog Clock.webp]
[asimshakoordev.vercel.app/Images/janascript projects/calculator.webp]
[asimshakoordev.vercel.app/Images/janascript projects/stopwatch.webp]
[asimshakoordev.vercel.app/Images/janascript projects/Temperature.webp]
[asimshakoordev.vercel.app/Images/janascript projects/wordcount.webp]
[asimshakoordev.vercel.app/Images/janascript projects/snakegame.webp]
[asimshakoordev.vercel.app/Images/Certificates/meta front end.webp]
[asimshakoordev.vercel.app/Images/Certificates/intro front end.webp]
[asimshakoordev.vercel.app/Images/Certificates/html css depth.webp]
[asimshakoordev.vercel.app/Images/Certificates/javascript.webp]
[asimshakoordev.vercel.app/Images/Certificates/version control.webp]
[asimshakoordev.vercel.app/Images/Certificates/react basics.webp]
[asimshakoordev.vercel.app/Images/Certificates/advance react.webp]
[asimshakoordev.vercel.app/Images/Certificates/uiux.webp]
[asimshakoordev.vercel.app/Images/Certificates/Front End Capstone.webp]
[asimshakoordev.vercel.app/Images/Certificates/coding.webp]
[asimshakoordev.vercel.app/Images/Certificates/backend spec.webp]
[asimshakoordev.vercel.app/Images/Certificates/backend intro.webp]
[asimshakoordev.vercel.app/Images/Certificates/backend python.webp]
[asimshakoordev.vercel.app/Images/Certificates/backend database.webp]
[asimshakoordev.vercel.app/Images/Certificates/backend django.webp]
[asimshakoordev.vercel.app/Images/Certificates/Backend api.webp]
[asimshakoordev.vercel.app/Images/Certificates/backend fullstack.webp]
[asimshakoordev.vercel.app/Images/Certificates/Back-End Developer Capstone.webp]
[asimshakoordev.vercel.app/Images/asim1.png]
[unpkg.com/aos@2.3.1/dist/aos.js]
[cdnjs.cloudflare.com/ajax/libs/typed.js/2.1.0/typed.umd.js]
[asimshakoordev.vercel.app/Javascript/jquery.min.js]
[asimshakoordev.vercel.app/index.html]
[asimshakoordev.vercel.app/Javascript/script.js]
[asimshakoordev.vercel.app/CSS/CSS/Lyon Text Regular/LyonText-Regular.49.delayed]
[asimshakoordev.vercel.app/CSS/style.css]
[asimshakoordev.vercel.app/CSS/skin/color1.css]
[cdnjs.cloudflare.com/ajax/libs/font-awesome/6.2.0/css/all.min.css]
[unpkg.com/aos@2.3.1/dist/aos.css]
[asimshakoordev.vercel.app/CSS/CSS/Lyon Text Regular/LyonText-Regular.html]
